[madewithgsap.com/index.html]
[backblue.gif]
[fade.gif]
[index.html]
[madewithgsap.com/assets/landing/style.css]
[madewithgsap.com/assets/img/fav/favicon-96x96.png]
[madewithgsap.com/assets/img/fav/favicon.ico]
[madewithgsap.com/assets/img/fav/apple-touch-icon.png]
[madewithgsap.com/assets/img/og.jpg]
[madewithgsap.com/assets/tutorial/prism.css]
[madewithgsap.com/get-started.html]
[madewithgsap.com/faq.html]
[madewithgsap.com/login.html]
[madewithgsap.com/assets/img/logos1.png]
[madewithgsap.com/assets/img/logos2.png]
[madewithgsap.com/assets/img/1.png]
[madewithgsap.com/assets/img/2.png]
[madewithgsap.com/assets/img/3.png]
[madewithgsap.com/assets/img/bio1.png]
[madewithgsap.com/assets/img/bio2.png]
[madewithgsap.com/permissions-terms.html]
[madewithgsap.com/privacy-policy.html]
[madewithgsap.com/assets/landing/gsap.js]
[madewithgsap.com/assets/landing/scrolltrigger.js]
[madewithgsap.com/assets/landing/customease.js]
[madewithgsap.com/assets/landing/lenis.js]
[madewithgsap.com/assets/tutorial/prism.js]
[madewithgsap.com/assets/landing/InertiaPlugin.min.js]
[madewithgsap.com/assets/landing/app2.js]
[madewithgsap.com/index.html]
[madewithgsap.com/assets/landing/style.css]
[madewithgsap.com/assets/img/fav/favicon.svg]
[madewithgsap.com/assets/img/fav/site.html]
[madewithgsap.com/assets/tutorial/prism.css]
[madewithgsap.com/assets/img/logo.svg]
[madewithgsap.com/assets/img/get-started/3.png]
[madewithgsap.com/assets/img/get-started/1.png]
[madewithgsap.com/assets/img/get-started/2.png]
[madewithgsap.com/assets/img/get-started/logo1.png]
[madewithgsap.com/assets/img/get-started/6.png]
[madewithgsap.com/assets/img/get-started/4.png]
[madewithgsap.com/assets/img/get-started/5.png]
[madewithgsap.com/get-started.html]
[madewithgsap.com/faq.html]
[madewithgsap.com/login.html]
[madewithgsap.com/assets/img/enter.svg]
[madewithgsap.com/assets/img/nav/open-menu.svg]
[madewithgsap.com/assets/img/nav/close-menu.svg]
[madewithgsap.com/assets/img/close.svg]
[madewithgsap.com/assets/img/card1.svg]
[madewithgsap.com/assets/img/card2.svg]
[madewithgsap.com/assets/img/card3.svg]
[madewithgsap.com/assets/img/i.svg]
[madewithgsap.com/assets/img/t.svg]
[madewithgsap.com/assets/img/plusy.svg]
[madewithgsap.com/assets/img/enter-wh.svg]
[madewithgsap.com/forgot-password.html]
[madewithgsap.com/permissions-terms.html]
[madewithgsap.com/privacy-policy.html]
[madewithgsap.com/assets/img/get-started/logo2.svg]
[madewithgsap.com/assets/img/get-started/logo3.svg]
[madewithgsap.com/assets/img/password/view-on.svg]
[madewithgsap.com/assets/img/password/view-off.svg]
[madewithgsap.com/forgot-password.html]
